Fetching from Yahoo...
Success! Fetched 0 quotes.
