app/api/orders/[id]/cancel/route.ts(43,34): error TS2554: Expected 2 arguments, but got 1.
lib/services/order-matching-engine.ts(85,17): error TS2554: Expected 4 arguments, but got 5.
